
ASUS@LAPTOP-V58SMO7N MINGW64 /d/kavya/3VC24CS063 (main)
$ touch key.txt

ASUS@LAPTOP-V58SMO7N MINGW64 /d/kavya/3VC24CS063 (main)
$ echo "leftlens2.0 rightlens1.5" >> spect.txt

ASUS@LAPTOP-V58SMO7N MINGW64 /d/kavya/3VC24CS063 (main)
diff.astextplain.textconv=astextplain
filter.lfs.clean=git-lfs clean -- %f
filter.lfs.smudge=git-lfs smudge -- %f
filter.lfs.process=git-lfs filter-process
filter.lfs.required=true
http.sslbackend=schannel
core.autocrlf=true
core.fscache=true
core.symlinks=false
pull.rebase=false
credential.helper=manager
credential.https://dev.azure.com.usehttppath=true
init.defaultbranch=master
user.name=kavyak79-ux
user.email=kavyaayvak79@gmail.com
core.repositoryformatversion=0
core.filemode=false
core.bare=false
core.logallrefupdates=true
core.symlinks=false
core.ignorecase=true
remote.origin.url=https://github.com/kavyak79-ux/3VC24CS063.git
remote.origin.fetch=+refs/heads/*:refs/remotes/origin/*
:...skipping...
diff.astextplain.textconv=astextplain
filter.lfs.clean=git-lfs clean -- %f
filter.lfs.smudge=git-lfs smudge -- %f
filter.lfs.process=git-lfs filter-process
filter.lfs.required=true
http.sslbackend=schannel
core.autocrlf=true
core.fscache=true
core.symlinks=false
pull.rebase=false
credential.helper=manager
credential.https://dev.azure.com.usehttppath=true
init.defaultbranch=master
user.name=kavyak79-ux
user.email=kavyaayvak79@gmail.com
core.repositoryformatversion=0
core.filemode=false
core.bare=false
core.logallrefupdates=true
core.symlinks=false
core.ignorecase=true
remote.origin.url=https://github.com/kavyak79-ux/3VC24CS063.git
remote.origin.fetch=+refs/heads/*:refs/remotes/origin/*
branch.main.remote=origin
branch.main.merge=refs/heads/main
~
~
~
~
~
~
~
~
~
~
~
~
~
~
~
~
~
~
~
~
~
~
~
~
~
~
~
~
~
~
~
~

ASUS@LAPTOP-V58SMO7N MINGW64 /d/kavya/3VC24CS063 (main)
$ git push origin main
Everything up-to-date

ASUS@LAPTOP-V58SMO7N MINGW64 /d/kavya/3VC24CS063 (main)
$ git config --global user.name "kavyak79-ux"

ASUS@LAPTOP-V58SMO7N MINGW64 /d/kavya/3VC24CS063 (main)
$ git config --global user.email "kavyaayvak79@gmail.com"

ASUS@LAPTOP-V58SMO7N MINGW64 /d/kavya/3VC24CS063 (main)
$ git push origin main
Everything up-to-date

ASUS@LAPTOP-V58SMO7N MINGW64 /d/kavya/3VC24CS063 (main)
$ git status
On branch main
Your branch is up to date with 'origin/main'.

Changes to be committed:
  (use "git restore --staged <file>..." to unstage)
        new file:   book.txt
        new file:   key.txt
        new file:   spect.txt


ASUS@LAPTOP-V58SMO7N MINGW64 /d/kavya/3VC24CS063 (main)
$ git push
Everything up-to-date

ASUS@LAPTOP-V58SMO7N MINGW64 /d/kavya/3VC24CS063 (main)
$ git commit -m "3 files added"
[main 2d01aab] 3 files added
 3 files changed, 2 insertions(+)
 create mode 100644 book.txt
 create mode 100644 key.txt
 create mode 100644 spect.txt

ASUS@LAPTOP-V58SMO7N MINGW64 /d/kavya/3VC24CS063 (main)
$ git push origin main
Enumerating objects: 6, done.
Counting objects: 100% (6/6), done.
Merge branch 'b2' into b1

























































Merge made by the 'ort' strategy.
 f2.txt | 0
 1 file changed, 0 insertions(+), 0 deletions(-)
 create mode 100644 f2.txt

ASUS@LAPTOP-V58SMO7N MINGW64 /d/kavya/3VC24CS063 (b1)
$ touch two.c

ASUS@LAPTOP-V58SMO7N MINGW64 /d/kavya/3VC24CS063 (b1)
$ git commit -m "created two.c"
On branch b1
Untracked files:
  (use "git add <file>..." to include in what will be committed)
        two.c

nothing added to commit but untracked files present (use "git add" to track)

ASUS@LAPTOP-V58SMO7N MINGW64 /d/kavya/3VC24CS063 (b1)
$ git add .

ASUS@LAPTOP-V58SMO7N MINGW64 /d/kavya/3VC24CS063 (b1)
$ git status
On branch b1
Changes to be committed:
  (use "git restore --staged <file>..." to unstage)
        new file:   two.c


ASUS@LAPTOP-V58SMO7N MINGW64 /d/kavya/3VC24CS063 (b1)
$ git commit -m "two.c"
[b1 f2b02a0] two.c
 1 file changed, 0 insertions(+), 0 deletions(-)
 create mode 100644 two.c

ASUS@LAPTOP-V58SMO7N MINGW64 /d/kavya/3VC24CS063 (b1)
$ touch one.c

ASUS@LAPTOP-V58SMO7N MINGW64 /d/kavya/3VC24CS063 (b1)
$ git commit -m "create one.c"
On branch b1
Untracked files:
  (use "git add <file>..." to include in what will be committed)
        one.c

nothing added to commit but untracked files present (use "git add" to track)

ASUS@LAPTOP-V58SMO7N MINGW64 /d/kavya/3VC24CS063 (b1)
$ git add .

ASUS@LAPTOP-V58SMO7N MINGW64 /d/kavya/3VC24CS063 (b1)
$ git status
On branch b1
Changes to be committed:
  (use "git restore --staged <file>..." to unstage)
        new file:   one.c


ASUS@LAPTOP-V58SMO7N MINGW64 /d/kavya/3VC24CS063 (b1)
$ ^C

ASUS@LAPTOP-V58SMO7N MINGW64 /d/kavya/3VC24CS063 (b1)
$ ^C

ASUS@LAPTOP-V58SMO7N MINGW64 /d/kavya/3VC24CS063 (b1)
$
